\BOOKMARK [0][-]{chapter.1}{\376\377\000I\000n\000t\000r\000o\000d\000u\000c\000c\000i\000\363\000n}{}% 1
\BOOKMARK [1][-]{section.1.1}{\376\377\000M\000o\000t\000i\000v\000a\000c\000i\000\363\000n}{chapter.1}% 2
\BOOKMARK [1][-]{section.1.2}{Objetivos}{chapter.1}% 3
\BOOKMARK [0][-]{chapter.2}{\376\377\000F\000u\000n\000d\000a\000m\000e\000n\000t\000o\000s\000\040\000t\000e\000c\000n\000o\000l\000\363\000g\000i\000c\000o\000s}{}% 4
\BOOKMARK [1][-]{section.2.1}{Estado\040del\040arte}{chapter.2}% 5
\BOOKMARK [1][-]{section.2.2}{\376\377\000T\000e\000c\000n\000o\000l\000o\000g\000\355\000a\000s\000\040\000u\000t\000i\000l\000i\000z\000a\000d\000a\000s}{chapter.2}% 6
\BOOKMARK [2][-]{subsection.2.2.1}{Web\040server}{section.2.2}% 7
\BOOKMARK [2][-]{subsection.2.2.2}{Web\040client}{section.2.2}% 8
\BOOKMARK [2][-]{subsection.2.2.3}{Database}{section.2.2}% 9
\BOOKMARK [2][-]{subsection.2.2.4}{Infraestructura\040y\040Despliegue}{section.2.2}% 10
\BOOKMARK [0][-]{chapter.3}{\376\377\000M\000e\000t\000o\000d\000o\000l\000o\000g\000\355\000a\000\040\000y\000\040\000p\000l\000a\000n\000i\000f\000i\000c\000a\000c\000i\000\363\000n}{}% 11
\BOOKMARK [1][-]{section.3.1}{\376\377\000M\000e\000t\000o\000d\000o\000l\000o\000g\000\355\000a\000\040\000d\000e\000\040\000d\000e\000s\000a\000r\000r\000o\000l\000l\000o}{chapter.3}% 12
\BOOKMARK [2][-]{subsection.3.1.1}{\376\377\000A\000d\000a\000p\000t\000a\000c\000i\000\363\000n\000\040\000a\000l\000\040\000p\000r\000o\000y\000e\000c\000t\000o}{section.3.1}% 13
\BOOKMARK [2][-]{subsection.3.1.2}{Herramientas\040de\040apoyo}{section.3.1}% 14
\BOOKMARK [1][-]{section.3.2}{\376\377\000P\000l\000a\000n\000i\000f\000i\000c\000a\000c\000i\000\363\000n\000\040\000y\000\040\000s\000e\000g\000u\000i\000m\000i\000e\000n\000t\000o}{chapter.3}% 15
\BOOKMARK [0][-]{chapter.4}{\376\377\000A\000n\000\341\000l\000i\000s\000i\000s}{}% 16
\BOOKMARK [1][-]{section.4.1}{Requisitos}{chapter.4}% 17
\BOOKMARK [2][-]{subsection.4.1.1}{Actores}{section.4.1}% 18
\BOOKMARK [2][-]{subsection.4.1.2}{Requisitos\040funcionales}{section.4.1}% 19
\BOOKMARK [2][-]{subsection.4.1.3}{Requisitos\040no\040funcionales}{section.4.1}% 20
\BOOKMARK [2][-]{subsection.4.1.4}{Historias\040de\040usuario}{section.4.1}% 21
\BOOKMARK [1][-]{section.4.2}{Arquitectura\040del\040sistema}{chapter.4}% 22
\BOOKMARK [2][-]{subsection.4.2.1}{Cliente\040\(Angular\)}{section.4.2}% 23
\BOOKMARK [2][-]{subsection.4.2.2}{Servidor\040\(Spring\040Boot\040y\040Spring\040Batch\)}{section.4.2}% 24
\BOOKMARK [2][-]{subsection.4.2.3}{Capa\040de\040datos}{section.4.2}% 25
\BOOKMARK [1][-]{section.4.3}{Interfaz\040de\040usuario}{chapter.4}% 26
\BOOKMARK [1][-]{section.4.4}{Modelo\040conceptual\040de\040datos}{chapter.4}% 27
\BOOKMARK [0][-]{chapter.5}{\376\377\000D\000i\000s\000e\000\361\000o}{}% 28
\BOOKMARK [1][-]{section.5.1}{\376\377\000A\000r\000q\000u\000i\000t\000e\000c\000t\000u\000r\000a\000\040\000t\000e\000c\000n\000o\000l\000\363\000g\000i\000c\000a\000\040\000d\000e\000l\000\040\000s\000i\000s\000t\000e\000m\000a}{chapter.5}% 29
\BOOKMARK [1][-]{section.5.2}{\376\377\000D\000i\000s\000e\000\361\000o\000\040\000d\000e\000\040\000l\000a\000\040\000a\000p\000l\000i\000c\000a\000c\000i\000\363\000n}{chapter.5}% 30
\BOOKMARK [2][-]{subsection.5.2.1}{Cliente}{section.5.2}% 31
\BOOKMARK [2][-]{subsection.5.2.2}{Servidor}{section.5.2}% 32
\BOOKMARK [2][-]{subsection.5.2.3}{\376\377\000I\000n\000t\000e\000r\000a\000c\000c\000i\000\363\000n\000\040\000c\000l\000i\000e\000n\000t\000e\000\040\040\023\000\040\000s\000e\000r\000v\000i\000d\000o\000r}{section.5.2}% 33
\BOOKMARK [0][-]{chapter.6}{\376\377\000I\000m\000p\000l\000e\000m\000e\000n\000t\000a\000c\000i\000\363\000n\000\040\000y\000\040\000p\000r\000u\000e\000b\000a\000s}{}% 34
\BOOKMARK [1][-]{section.6.1}{Tareas\040de\040mejora}{chapter.6}% 35
\BOOKMARK [2][-]{subsection.6.1.1}{Vulnerabilidades}{section.6.1}% 36
\BOOKMARK [2][-]{subsection.6.1.2}{Coverage}{section.6.1}% 37
\BOOKMARK [2][-]{subsection.6.1.3}{\376\377\000R\000e\000f\000a\000c\000t\000o\000r\000i\000z\000a\000c\000i\000\363\000n}{section.6.1}% 38
\BOOKMARK [2][-]{subsection.6.1.4}{\376\377\000D\000u\000p\000l\000i\000c\000a\000c\000i\000\363\000n}{section.6.1}% 39
\BOOKMARK [1][-]{section.6.2}{\376\377\000S\000p\000r\000i\000n\000g\000\040\000B\000a\000t\000c\000h\000\040\000d\000i\000s\000c\000u\000s\000s\000i\000o\000n\000\040\000d\000i\000f\000i\000c\000u\000l\000t\000a\000d\000e\000s\000\040\000t\000\351\000c\000n\000i\000c\000a\000s}{chapter.6}% 40
\BOOKMARK [1][-]{section.6.3}{Pruebas}{chapter.6}% 41
\BOOKMARK [2][-]{subsection.6.3.1}{Testing\040unitario}{section.6.3}% 42
\BOOKMARK [2][-]{subsection.6.3.2}{\376\377\000T\000e\000s\000t\000i\000n\000g\000\040\000d\000e\000\040\000i\000n\000t\000e\000g\000r\000a\000c\000i\000\363\000n}{section.6.3}% 43
\BOOKMARK [2][-]{subsection.6.3.3}{Pruebas\040manuales\040nosotras\040\(QA\)}{section.6.3}% 44
\BOOKMARK [0][-]{chapter.7}{\376\377\000S\000o\000l\000u\000c\000i\000\363\000n\000\040\000d\000e\000s\000a\000r\000r\000o\000l\000l\000a\000d\000a}{}% 45
\BOOKMARK [1][-]{section.7.1}{\376\377\000I\000n\000t\000r\000o\000d\000u\000c\000c\000i\000\363\000n}{chapter.7}% 46
\BOOKMARK [1][-]{section.7.2}{\376\377\000P\000\341\000g\000i\000n\000a\000\040\000d\000e\000\040\000G\000e\000n\000e\000r\000a\000r}{chapter.7}% 47
\BOOKMARK [2][-]{subsection.7.2.1}{Funcionalidad}{section.7.2}% 48
\BOOKMARK [2][-]{subsection.7.2.2}{\376\377\000D\000i\000s\000e\000\361\000o\000\040\000d\000e\000\040\000l\000a\000\040\000i\000n\000t\000e\000r\000f\000a\000z}{section.7.2}% 49
\BOOKMARK [2][-]{subsection.7.2.3}{\376\377\000F\000l\000u\000j\000o\000\040\000d\000e\000\040\000i\000n\000t\000e\000r\000a\000c\000c\000i\000\363\000n}{section.7.2}% 50
\BOOKMARK [1][-]{section.7.3}{\376\377\000P\000\341\000g\000i\000n\000a\000\040\000d\000e\000\040\000H\000i\000s\000t\000o\000r\000i\000a\000l}{chapter.7}% 51
\BOOKMARK [2][-]{subsection.7.3.1}{Funcionalidad}{section.7.3}% 52
\BOOKMARK [2][-]{subsection.7.3.2}{\376\377\000D\000i\000s\000e\000\361\000o\000\040\000d\000e\000\040\000l\000a\000\040\000i\000n\000t\000e\000r\000f\000a\000z}{section.7.3}% 53
\BOOKMARK [0][-]{chapter.8}{\376\377\000C\000o\000n\000c\000l\000u\000s\000i\000\363\000n\000\040\000y\000\040\000t\000r\000a\000b\000a\000j\000o\000\040\000f\000u\000t\000u\000r\000o}{}% 54
\BOOKMARK [1][-]{section.8.1}{Conclusiones}{chapter.8}% 55
\BOOKMARK [1][-]{section.8.2}{Posibles\040ampliaciones\040futuras}{chapter.8}% 56
\BOOKMARK [2][-]{subsection.8.2.1}{\376\377\000A\000c\000t\000u\000a\000l\000i\000z\000a\000c\000i\000\363\000n\000\040\000d\000e\000\040\000l\000a\000\040\000v\000e\000r\000s\000i\000\363\000n\000\040\000m\000a\000y\000o\000r\000\040\000d\000e\000\040\000A\000n\000g\000u\000l\000a\000r}{section.8.2}% 57
\BOOKMARK [2][-]{subsection.8.2.2}{\376\377\000M\000e\000j\000o\000r\000a\000s\000\040\000e\000n\000\040\000l\000a\000\040\000g\000e\000s\000t\000i\000\363\000n\000\040\000d\000e\000l\000\040\000h\000i\000s\000t\000o\000r\000i\000a\000l}{section.8.2}% 58
\BOOKMARK [2][-]{subsection.8.2.3}{\376\377\000R\000e\000f\000a\000c\000t\000o\000r\000i\000z\000a\000c\000i\000\363\000n\000\040\000a\000d\000i\000c\000i\000o\000n\000a\000l\000\040\000d\000e\000l\000\040\000c\000\363\000d\000i\000g\000o\000\040\000b\000a\000c\000k\000e\000n\000d}{section.8.2}% 59
\BOOKMARK [2][-]{subsection.8.2.4}{Funcionalidades\040avanzadas}{section.8.2}% 60
\BOOKMARK [0][-]{appendix.A}{Material\040adicional}{}% 61
\BOOKMARK [0][-]{section*.16}{\376\377\000L\000i\000s\000t\000a\000\040\000d\000e\000\040\000a\000c\000r\000\363\000n\000i\000m\000o\000s}{}% 62
\BOOKMARK [0][-]{section*.18}{Glosario}{}% 63
\BOOKMARK [0][-]{appendix*.20}{\376\377\000B\000i\000b\000l\000i\000o\000g\000r\000a\000f\000\355\000a}{}% 64
